Microsoft Windows [Version 10.0.19044.1766]
(c) Microsoft Corporation. All rights reserved.

C:\javafsd\Javademo>git status
On branch master

No commits yet

Untracked files:
  (use "git add <file>..." to include in what will be committed)
        testfile.txt

nothing added to commit but untracked files present (use "git add" to track)

C:\javafsd\Javademo>git add .

C:\javafsd\Javademo>git status
On branch master

No commits yet

Changes to be committed:
  (use "git rm --cached <file>..." to unstage)
        new file:   testfile.txt


C:\javafsd\Javademo>git commit -m "adding test file"
Author identity unknown

*** Please tell me who you are.

Run

  git config --global user.email "you@example.com"
  git config --global user.name "Your Name"

to set your account's default identity.
Omit --global to set the identity only in this repository.

fatal: unable to auto-detect email address (got 'Rajini@DESKTOP-BKVIHK2.(none)')

C:\javafsd\Javademo>git status
On branch master

No commits yet

Changes to be committed:
  (use "git rm --cached <file>..." to unstage)
        new file:   testfile.txt


C:\javafsd\Javademo>git push origin main
error: src refspec main does not match any
error: failed to push some refs to 'https://github.com/Archu5721/Javademo.git'

C:\javafsd\Javademo>git add .

C:\javafsd\Javademo>git status
On branch main
Your branch is up to date with 'origin/main'.

Changes to be committed:
  (use "git restore --staged <file>..." to unstage)
        new file:   testfile.txt


C:\javafsd\Javademo>git commit -m "adding test file"
Author identity unknown

*** Please tell me who you are.

Run

  git config --global user.email "you@example.com"
  git config --global user.name "Your Name"

to set your account's default identity.
Omit --global to set the identity only in this repository.

fatal: unable to auto-detect email address (got 'Rajini@DESKTOP-BKVIHK2.(none)')

C:\javafsd\Javademo>git config --global user.email "archatha18022@cse.ssn.edu.in"

C:\javafsd\Javademo>git config --global user.name "Archatha"

C:\javafsd\Javademo>git commit -m "adding test file"
[main 0226c0f] adding test file
 1 file changed, 1 insertion(+)
 create mode 100644 testfile.txt

C:\javafsd\Javademo>git status
On branch main
Your branch is ahead of 'origin/main' by 1 commit.
  (use "git push" to publish your local commits)

nothing to commit, working tree clean

C:\javafsd\Javademo>git push
Enumerating objects: 4, done.
Counting objects: 100% (4/4), done.
Delta compression using up to 4 threads
Compressing objects: 100% (2/2), done.
Writing objects: 100% (3/3), 287 bytes | 287.00 KiB/s, done.
Total 3 (delta 0), reused 0 (delta 0), pack-reused 0
To https://github.com/Archu5721/Javademo.git
   9327789..0226c0f  main -> main

C:\javafsd\Javademo>
